CREATE ROLE evil_user;
SET ROLE mere_mortal;
CREATE TABLE mere_table (t citext);
SET ROLE evil_user;
DROP EXTENSION citext;
ERROR:  cannot drop extension citext because other objects depend on it
DETAIL:  column t of table mere_table depends on type citext
HINT:  Use DROP ... CASCADE to drop the dependent objects too.
DROP EXTENSION citext CASCADE;
NOTICE:  drop cascades to column t of table mere_table
