CREATE ROLE evil_user;
ALTER DATABASE contrib_regression OWNER TO mere_mortal;
SET ROLE mere_mortal;
CREATE TABLE mere_table (t citext);
SET ROLE evil_user;
DROP EXTENSION citext;
ERROR:  Permission denied to drop extension, role evil_user is not authorized on this database
DROP EXTENSION citext CASCADE;
ERROR:  Permission denied to drop extension, role evil_user is not authorized on this database
