SET ROLE mere_mortal;
SHOW extwlist.extensions;
                  extwlist.extensions                   
--------------------------------------------------------
 citext,earthdistance,pg_trgm,pg_stat_statements,refint
(1 row)

SELECT extname FROM pg_extension ORDER BY 1;
 extname 
---------
 plpgsql
(1 row)

-- whitelisted extensions
CREATE EXTENSION citext;
CREATE EXTENSION pg_trgm;
COMMENT ON EXTENSION pg_trgm IS 'pg_trgm comment';
SELECT extname FROM pg_extension ORDER BY 1;
 extname 
---------
 citext
 pg_trgm
 plpgsql
(3 rows)

SELECT d.description FROM pg_extension e JOIN pg_description d ON d.objoid = e.oid WHERE e.extname = 'pg_trgm';
   description   
-----------------
 pg_trgm comment
(1 row)

-- drop whitelisted extension
DROP EXTENSION pg_trgm;
SELECT extname FROM pg_extension ORDER BY 1;
 extname 
---------
 citext
 plpgsql
(2 rows)

-- whitelisted extension with custom scripts
CREATE EXTENSION pg_stat_statements;
SELECT extname FROM pg_extension ORDER BY 1;
      extname       
--------------------
 citext
 pg_stat_statements
 plpgsql
(3 rows)

SELECT proacl FROM pg_proc WHERE proname = 'pg_stat_statements_reset';
                          proacl                          
----------------------------------------------------------
 {mere_mortal=X/mere_mortal,stat_resetters=X/mere_mortal}
(1 row)

SELECT groname FROM pg_group WHERE groname = 'stat_resetters';
    groname     
----------------
 stat_resetters
(1 row)

DROP EXTENSION pg_stat_statements;
SELECT groname FROM pg_group WHERE groname = 'stat_resetters';
 groname 
---------
(0 rows)

-- whitelisted extension with extension name extracted from the custom script filename
SELECT set_extwlist_extname_from_filename();
 set_extwlist_extname_from_filename 
------------------------------------
 
(1 row)

CREATE EXTENSION pg_stat_statements;
SELECT extname FROM pg_extension ORDER BY 1;
      extname       
--------------------
 citext
 pg_stat_statements
 plpgsql
(3 rows)

SELECT proacl FROM pg_proc WHERE proname = 'pg_stat_statements_reset';
                          proacl                           
-----------------------------------------------------------
 {mere_mortal=X/mere_mortal,stat_resetters2=X/mere_mortal}
(1 row)

SELECT groname FROM pg_group WHERE groname = 'stat_resetters2';
     groname     
-----------------
 stat_resetters2
(1 row)

DROP EXTENSION pg_stat_statements;
SELECT groname FROM pg_group WHERE groname = 'stat_resetters2';
 groname 
---------
(0 rows)

