CREATE ROLE mere_mortal;
SET ROLE mere_mortal;
SHOW extwlist.extensions;
     extwlist.extensions      
------------------------------
 citext,earthdistance,pg_trgm
(1 row)

SELECT extname FROM pg_extension ORDER BY 1;
 extname 
---------
 plpgsql
(1 row)

-- pre-existing extension
CREATE EXTENSION plpgsql;
ERROR:  extension "plpgsql" already exists
SELECT extname FROM pg_extension ORDER BY 1;
 extname 
---------
 plpgsql
(1 row)

-- non-whitelisted extension
CREATE EXTENSION hstore;
ERROR:  permission denied to create extension "hstore"
HINT:  Must be superuser to create this extension.
SELECT extname FROM pg_extension ORDER BY 1;
 extname 
---------
 plpgsql
(1 row)

-- whitelisted extensions
CREATE EXTENSION citext;
CREATE EXTENSION pg_trgm;
SELECT extname FROM pg_extension ORDER BY 1;
 extname 
---------
 citext
 pg_trgm
 plpgsql
(3 rows)

-- whitelisted extension, but dependency is missing
CREATE EXTENSION earthdistance;
ERROR:  required extension "cube" is not installed
HINT:  Use CREATE EXTENSION ... CASCADE to install required extensions too.
SELECT extname FROM pg_extension ORDER BY 1;
 extname 
---------
 citext
 pg_trgm
 plpgsql
(3 rows)

-- drop whitelisted extension
DROP EXTENSION pg_trgm;
SELECT extname FROM pg_extension ORDER BY 1;
 extname 
---------
 citext
 plpgsql
(2 rows)

-- drop non-whitelisted extension
DROP EXTENSION plpgsql;
ERROR:  must be owner of extension plpgsql
SELECT extname FROM pg_extension ORDER BY 1;
 extname 
---------
 citext
 plpgsql
(2 rows)

